******************************************************************************
                  TI ARM Linker Unix v18.12.2                  
******************************************************************************
>> Linked Tue Dec  3 14:29:25 2019

OUTPUT FILE NAME:   <leitorPulso.out>
ENTRY POINT SYMBOL: "_c_int00_noargs"  address: 00000781


MEMORY CONFIGURATION

         name            origin    length      used     unused   attr    fill
----------------------  --------  ---------  --------  --------  ----  --------
  FLASH                 00000000   00040000  000007f6  0003f80a  R  X
  SRAM                  20000000   00008000  00000218  00007de8  RW X


SEGMENT ALLOCATION MAP

run origin  load origin   length   init length attrs members
----------  ----------- ---------- ----------- ----- -------
00000000    00000000    000007f8   000007f8    r-x
  00000000    00000000    0000026c   0000026c    r-- .intvecs
  0000026c    0000026c    0000056a   0000056a    r-x .text
  000007d8    000007d8    00000020   00000020    r-- .cinit
20000000    20000000    00000218   00000000    rw-
  20000000    20000000    00000200   00000000    rw- .stack
  20000200    20000200    00000018   00000000    rw- .data


SECTION ALLOCATION MAP

 output                                  attributes/
section   page    origin      length       input sections
--------  ----  ----------  ----------   ----------------
.intvecs   0    00000000    0000026c     
                  00000000    0000026c     tm4c123gh6pm_startup_ccs.obj (.intvecs)

.text      0    0000026c    0000056a     
                  0000026c    000003cc     main.obj (.text)
                  00000638    0000009c     rtsv7M4_T_le_v4SPD16_eabi.lib : memcpy_t2.asm.obj (.text)
                  000006d4    00000068                                   : copy_decompress_lzss.c.obj (.text:decompress:lzss:__TI_decompress_lzss)
                  0000073c    00000044                                   : autoinit.c.obj (.text:__TI_auto_init_nobinit_nopinit:__TI_auto_init_nobinit_nopinit)
                  00000780    00000034                                   : boot_cortex_m.c.obj (.text:_c_int00_noargs:_c_int00_noargs)
                  000007b4    0000000e                                   : copy_decompress_none.c.obj (.text:decompress:none:__TI_decompress_none)
                  000007c2    0000000c     tm4c123gh6pm_startup_ccs.obj (.text)
                  000007ce    00000004     rtsv7M4_T_le_v4SPD16_eabi.lib : pre_init.c.obj (.text:_system_pre_init)
                  000007d2    00000004                                   : exit.c.obj (.text:abort:abort)

.cinit     0    000007d8    00000020     
                  000007d8    0000000d     (.cinit..data.load) [load image, compression = lzss]
                  000007e5    00000003     --HOLE-- [fill = 0]
                  000007e8    00000008     (__TI_handler_table)
                  000007f0    00000008     (__TI_cinit_table)

.init_array 
*          0    00000000    00000000     UNINITIALIZED

.data      0    20000200    00000018     UNINITIALIZED
                  20000200    00000018     main.obj (.data)

.stack     0    20000000    00000200     UNINITIALIZED
                  20000000    00000004     rtsv7M4_T_le_v4SPD16_eabi.lib : boot_cortex_m.c.obj (.stack)
                  20000004    000001fc     --HOLE--

MODULE SUMMARY

       Module                         code   ro data   rw data
       ------                         ----   -------   -------
    ./
       main.obj                       972    0         24     
       tm4c123gh6pm_startup_ccs.obj   12     620       0      
    +--+------------------------------+------+---------+---------+
       Total:                         984    620       24     
                                                              
    /Applications/ti/ccs910/ccs/tools/compiler/ti-cgt-arm_18.12.2.LTS/lib/rtsv7M4_T_le_v4SPD16_eabi.lib
       memcpy_t2.asm.obj              156    0         0      
       copy_decompress_lzss.c.obj     104    0         0      
       autoinit.c.obj                 68     0         0      
       boot_cortex_m.c.obj            52     0         0      
       copy_decompress_none.c.obj     14     0         0      
       exit.c.obj                     4      0         0      
       pre_init.c.obj                 4      0         0      
    +--+------------------------------+------+---------+---------+
       Total:                         402    0         0      
                                                              
       Stack:                         0      0         512    
       Linker Generated:              0      29        0      
    +--+------------------------------+------+---------+---------+
       Grand Total:                   1386   649       536    


LINKER GENERATED COPY TABLES

__TI_cinit_table @ 000007f0 records: 1, size/record: 8, table size: 8
	.data: load addr=000007d8, load size=0000000d bytes, run addr=20000200, run size=00000018 bytes, compression=lzss


LINKER GENERATED HANDLER TABLE

__TI_handler_table @ 000007e8 records: 2, size/record: 4, table size: 8
	index: 0, handler: __TI_decompress_lzss
	index: 1, handler: __TI_decompress_none


GLOBAL SYMBOLS: SORTED ALPHABETICALLY BY Name 

address   name                          
-------   ----                          
000007d3  C$$EXIT                       
00000421  ContaDez                      
00000323  EEPROM_read                   
00000365  EEPROM_write                  
0000028f  EInit                         
000007c3  ResetISR                      
000003ab  UART0_Init                    
00000405  UART0_OutChar                 
20000200  __STACK_END                   
00000200  __STACK_SIZE                  
20000200  __STACK_TOP                   
000007f0  __TI_CINIT_Base               
000007f8  __TI_CINIT_Limit              
000007e8  __TI_Handler_Table_Base       
000007f0  __TI_Handler_Table_Limit      
0000073d  __TI_auto_init_nobinit_nopinit
000006d5  __TI_decompress_lzss          
000007b5  __TI_decompress_none          
ffffffff  __TI_pprof_out_hndl           
ffffffff  __TI_prof_data_size           
ffffffff  __TI_prof_data_start          
00000000  __TI_static_base__            
00000639  __aeabi_memcpy                
00000639  __aeabi_memcpy4               
00000639  __aeabi_memcpy8               
ffffffff  __binit__                     
ffffffff  __c_args__                    
UNDEFED   __mpu_init                    
20000000  __stack                       
00000781  _c_int00_noargs               
UNDEFED   _system_post_cinit            
000007cf  _system_pre_init              
000007d3  abort                         
ffffffff  binit                         
0000026d  delay                         
20000208  freq                          
00000000  g_pfnVectors                  
20000200  leituraAtual                  
000004af  main                          
00000639  memcpy                        
2000020c  porcent                       
20000214  pulso                         
20000204  segundos                      
20000210  verfpulso                     


GLOBAL SYMBOLS: SORTED BY Symbol Address 

address   name                          
-------   ----                          
00000000  __TI_static_base__            
00000000  g_pfnVectors                  
00000200  __STACK_SIZE                  
0000026d  delay                         
0000028f  EInit                         
00000323  EEPROM_read                   
00000365  EEPROM_write                  
000003ab  UART0_Init                    
00000405  UART0_OutChar                 
00000421  ContaDez                      
000004af  main                          
00000639  __aeabi_memcpy                
00000639  __aeabi_memcpy4               
00000639  __aeabi_memcpy8               
00000639  memcpy                        
000006d5  __TI_decompress_lzss          
0000073d  __TI_auto_init_nobinit_nopinit
00000781  _c_int00_noargs               
000007b5  __TI_decompress_none          
000007c3  ResetISR                      
000007cf  _system_pre_init              
000007d3  C$$EXIT                       
000007d3  abort                         
000007e8  __TI_Handler_Table_Base       
000007f0  __TI_CINIT_Base               
000007f0  __TI_Handler_Table_Limit      
000007f8  __TI_CINIT_Limit              
20000000  __stack                       
20000200  __STACK_END                   
20000200  __STACK_TOP                   
20000200  leituraAtual                  
20000204  segundos                      
20000208  freq                          
2000020c  porcent                       
20000210  verfpulso                     
20000214  pulso                         
ffffffff  __TI_pprof_out_hndl           
ffffffff  __TI_prof_data_size           
ffffffff  __TI_prof_data_start          
ffffffff  __binit__                     
ffffffff  __c_args__                    
ffffffff  binit                         
UNDEFED   __mpu_init                    
UNDEFED   _system_post_cinit            

[44 symbols]
