******************************************************************************
                  TI ARM Linker Unix v18.12.2                  
******************************************************************************
>> Linked Tue Sep 24 20:05:48 2019

OUTPUT FILE NAME:   <BinaryGame.out>
ENTRY POINT SYMBOL: "_c_int00_noargs"  address: 00000825


MEMORY CONFIGURATION

         name            origin    length      used     unused   attr    fill
----------------------  --------  ---------  --------  --------  ----  --------
  FLASH                 00000000   00040000  0000089c  0003f764  R  X
  SRAM                  20000000   00008000  00000211  00007def  RW X


SEGMENT ALLOCATION MAP

run origin  load origin   length   init length attrs members
----------  ----------- ---------- ----------- ----- -------
00000000    00000000    0000089c   0000089c    r-x
  00000000    00000000    0000026c   0000026c    r-- .intvecs
  0000026c    0000026c    0000061c   0000061c    r-x .text
  00000888    00000888    00000014   00000014    r-- .cinit
20000000    20000000    00000211   00000000    rw-
  20000000    20000000    00000200   00000000    rw- .stack
  20000200    20000200    00000011   00000000    rw- .bss


SECTION ALLOCATION MAP

 output                                  attributes/
section   page    origin      length       input sections
--------  ----  ----------  ----------   ----------------
.intvecs   0    00000000    0000026c     
                  00000000    0000026c     tm4c123gh6pm_startup_ccs.obj (.intvecs)

.text      0    0000026c    0000061c     
                  0000026c    00000574     main.obj (.text)
                  000007e0    00000044     rtsv7M4_T_le_v4SPD16_eabi.lib : autoinit.c.obj (.text:__TI_auto_init_nobinit_nopinit:__TI_auto_init_nobinit_nopinit)
                  00000824    00000034                                   : boot_cortex_m.c.obj (.text:_c_int00_noargs:_c_int00_noargs)
                  00000858    0000001c                                   : copy_zero_init.c.obj (.text:decompress:ZI:__TI_zero_init_nomemset:__TI_zero_init_nomemset)
                  00000874    0000000c     tm4c123gh6pm_startup_ccs.obj (.text)
                  00000880    00000004     rtsv7M4_T_le_v4SPD16_eabi.lib : pre_init.c.obj (.text:_system_pre_init)
                  00000884    00000004                                   : exit.c.obj (.text:abort:abort)

.cinit     0    00000888    00000014     
                  00000888    00000008     (.cinit..bss.load) [load image, compression = zero_init]
                  00000890    00000004     (__TI_handler_table)
                  00000894    00000008     (__TI_cinit_table)

.init_array 
*          0    00000000    00000000     UNINITIALIZED

.bss       0    20000200    00000011     UNINITIALIZED
                  20000200    00000001     (.common:flag1)
                  20000201    00000001     (.common:flag2)
                  20000202    00000001     (.common:flag3)
                  20000203    00000001     (.common:flag4)
                  20000204    00000001     (.common:flag5)
                  20000205    00000001     (.common:flag6)
                  20000206    00000001     (.common:flag7)
                  20000207    00000001     (.common:flag8)
                  20000208    00000001     (.common:flagSt)
                  20000209    00000001     (.common:numRand1)
                  2000020a    00000001     (.common:numRand2)
                  2000020b    00000001     (.common:op)
                  2000020c    00000001     (.common:operador)
                  2000020d    00000001     (.common:resultado)
                  2000020e    00000001     (.common:resultadoUs)
                  2000020f    00000001     (.common:x1)
                  20000210    00000001     (.common:x2)

.stack     0    20000000    00000200     UNINITIALIZED
                  20000000    00000004     rtsv7M4_T_le_v4SPD16_eabi.lib : boot_cortex_m.c.obj (.stack)
                  20000004    000001fc     --HOLE--

MODULE SUMMARY

       Module                         code   ro data   rw data
       ------                         ----   -------   -------
    ./
       main.obj                       1396   0         17     
       tm4c123gh6pm_startup_ccs.obj   12     620       0      
    +--+------------------------------+------+---------+---------+
       Total:                         1408   620       17     
                                                              
    /Applications/ti/ccs910/ccs/tools/compiler/ti-cgt-arm_18.12.2.LTS/lib/rtsv7M4_T_le_v4SPD16_eabi.lib
       autoinit.c.obj                 68     0         0      
       boot_cortex_m.c.obj            52     0         0      
       copy_zero_init.c.obj           28     0         0      
       exit.c.obj                     4      0         0      
       pre_init.c.obj                 4      0         0      
    +--+------------------------------+------+---------+---------+
       Total:                         156    0         0      
                                                              
       Stack:                         0      0         512    
       Linker Generated:              0      20        0      
    +--+------------------------------+------+---------+---------+
       Grand Total:                   1564   640       529    


LINKER GENERATED COPY TABLES

__TI_cinit_table @ 00000894 records: 1, size/record: 8, table size: 8
	.bss: load addr=00000888, load size=00000008 bytes, run addr=20000200, run size=00000011 bytes, compression=zero_init


LINKER GENERATED HANDLER TABLE

__TI_handler_table @ 00000890 records: 1, size/record: 4, table size: 4
	index: 0, handler: __TI_zero_init


GLOBAL SYMBOLS: SORTED ALPHABETICALLY BY Name 

address   name                          
-------   ----                          
00000885  C$$EXIT                       
00000875  ResetISR                      
20000200  __STACK_END                   
00000200  __STACK_SIZE                  
20000200  __STACK_TOP                   
00000894  __TI_CINIT_Base               
0000089c  __TI_CINIT_Limit              
00000890  __TI_Handler_Table_Base       
00000894  __TI_Handler_Table_Limit      
000007e1  __TI_auto_init_nobinit_nopinit
ffffffff  __TI_pprof_out_hndl           
ffffffff  __TI_prof_data_size           
ffffffff  __TI_prof_data_start          
00000000  __TI_static_base__            
00000859  __TI_zero_init_nomemset       
ffffffff  __binit__                     
ffffffff  __c_args__                    
UNDEFED   __mpu_init                    
20000000  __stack                       
00000825  _c_int00_noargs               
UNDEFED   _system_post_cinit            
00000881  _system_pre_init              
00000885  abort                         
ffffffff  binit                         
0000026d  delayCurto                    
0000028f  delayLongo                    
20000200  flag1                         
20000201  flag2                         
20000202  flag3                         
20000203  flag4                         
20000204  flag5                         
20000205  flag6                         
20000206  flag7                         
20000207  flag8                         
20000208  flagSt                        
0000045d  funcStart                     
00000000  g_pfnVectors                  
00000311  geraOp                        
000005f5  main                          
20000209  numRand1                      
2000020a  numRand2                      
000002b1  numeroAle1                    
000002e1  numeroAle2                    
2000020b  op                            
00000521  operacao                      
2000020c  operador                      
2000020d  resultado                     
2000020e  resultadoUs                   
00000473  tecladoResult                 
00000379  trataPortB                    
00000341  trataPortF                    
2000020f  x1                            
20000210  x2                            


GLOBAL SYMBOLS: SORTED BY Symbol Address 

address   name                          
-------   ----                          
00000000  __TI_static_base__            
00000000  g_pfnVectors                  
00000200  __STACK_SIZE                  
0000026d  delayCurto                    
0000028f  delayLongo                    
000002b1  numeroAle1                    
000002e1  numeroAle2                    
00000311  geraOp                        
00000341  trataPortF                    
00000379  trataPortB                    
0000045d  funcStart                     
00000473  tecladoResult                 
00000521  operacao                      
000005f5  main                          
000007e1  __TI_auto_init_nobinit_nopinit
00000825  _c_int00_noargs               
00000859  __TI_zero_init_nomemset       
00000875  ResetISR                      
00000881  _system_pre_init              
00000885  C$$EXIT                       
00000885  abort                         
00000890  __TI_Handler_Table_Base       
00000894  __TI_CINIT_Base               
00000894  __TI_Handler_Table_Limit      
0000089c  __TI_CINIT_Limit              
20000000  __stack                       
20000200  __STACK_END                   
20000200  __STACK_TOP                   
20000200  flag1                         
20000201  flag2                         
20000202  flag3                         
20000203  flag4                         
20000204  flag5                         
20000205  flag6                         
20000206  flag7                         
20000207  flag8                         
20000208  flagSt                        
20000209  numRand1                      
2000020a  numRand2                      
2000020b  op                            
2000020c  operador                      
2000020d  resultado                     
2000020e  resultadoUs                   
2000020f  x1                            
20000210  x2                            
ffffffff  __TI_pprof_out_hndl           
ffffffff  __TI_prof_data_size           
ffffffff  __TI_prof_data_start          
ffffffff  __binit__                     
ffffffff  __c_args__                    
ffffffff  binit                         
UNDEFED   __mpu_init                    
UNDEFED   _system_post_cinit            

[53 symbols]
